main.c:137:6:fnLEDsErrorState	8	static
main.c:145:6:fnInit	8	static
main.c:407:6:fnReset	8	static
main.c:530:6:fnEncReadCount	4	static
main.c:548:6:fnEncCalibration	8	static
main.c:555:6:fnMoveAbsolute	24	static
main.c:603:6:fnSetVelocity	16	static
main.c:622:6:fnSingleMotionAction	8	static
main.c:725:6:fnSerialMotionAction	8	static
main.c:853:6:HAL_TIM_PeriodElapsedCallback	16	static
main.c:890:6:HAL_GPIO_EXTI_Callback	16	static
main.c:926:5:main	8	static
main.c:1021:6:SystemClock_Config	232	static
main.c:1080:6:HAL_UART_RxCpltCallback	16	static
main.c:1274:6:HAL_CAN_RxFifo0MsgPendingCallback	16	static
main.c:1286:6:Error_Handler	4	static,ignoring_inline_asm
