../Core/Src/main.c:119:6:fnLEDsErrorState	8	static
../Core/Src/main.c:127:6:fnInit	8	static
../Core/Src/main.c:383:7:fnEncCounts2Angle	16	static
../Core/Src/main.c:391:6:fnEncReadCount	8	static
../Core/Src/main.c:407:6:fnEncCalibration	8	static
../Core/Src/main.c:414:6:fnMoveAbsolute	24	static
../Core/Src/main.c:459:6:fnSingleMotionAction	8	static
../Core/Src/main.c:514:6:fnSerialMotionAction	8	static
../Core/Src/main.c:635:6:HAL_TIM_PeriodElapsedCallback	16	static
../Core/Src/main.c:659:6:HAL_GPIO_EXTI_Callback	16	static
../Core/Src/main.c:689:5:main	8	static
../Core/Src/main.c:771:6:SystemClock_Config	232	static
../Core/Src/main.c:830:6:HAL_UART_RxCpltCallback	16	static
../Core/Src/main.c:1045:6:HAL_CAN_RxFifo0MsgPendingCallback	16	static
../Core/Src/main.c:1058:6:Error_Handler	4	static,ignoring_inline_asm
