../Core/Src/tim.c:35:6:MX_TIM3_Init	56	static
../Core/Src/tim.c:79:6:MX_TIM6_Init	24	static
../Core/Src/tim.c:112:6:MX_TIM7_Init	24	static
../Core/Src/tim.c:145:6:MX_TIM10_Init	8	static
../Core/Src/tim.c:171:6:MX_TIM11_Init	8	static
../Core/Src/tim.c:197:6:MX_TIM14_Init	8	static
../Core/Src/tim.c:223:6:HAL_TIM_Encoder_MspInit	48	static
../Core/Src/tim.c:264:6:HAL_TIM_Base_MspInit	40	static
../Core/Src/tim.c:344:6:HAL_TIM_Encoder_MspDeInit	16	static
../Core/Src/tim.c:371:6:HAL_TIM_Base_MspDeInit	16	static
